{"timestamp":"2026-09-27T10:36:51.296811Z","level":"info","event":"::group::Pre Execute","logger":"task","filename":"task_runner.py","lineno":2412}
{"timestamp":"2026-09-27T10:36:51.420750Z","level":"info","event":"DAG bundles loaded: dags-folder, example_dags, apache-airflow-providers-common-sql-example-dags, apache-airflow-providers-standard-example-dags","ti_id":"01a0e270-3185-7b1f-b500-1640cdc36a63","dag_id":"crypto_market_pipeline","try_number":1,"task_id":"consume_from_kafka","map_index":-1,"run_id":"manual__2026-09-27T10:36:38.517676+00:00","logger":"airflow.dag_processing.bundles.manager.DagBundlesManager","filename":"manager.py","lineno":304}
{"timestamp":"2026-09-27T10:36:51.423830Z","level":"info","event":"Filling up the DagBag from /home/tony/Desktop/CryptoData/airflow/dags/crypto_market_pipeline.py","ti_id":"01a0e270-3185-7b1f-b500-1640cdc36a63","dag_id":"crypto_market_pipeline","try_number":1,"task_id":"consume_from_kafka","map_index":-1,"run_id":"manual__2026-09-27T10:36:38.517676+00:00","logger":"airflow.dag_processing.dagbag.BundleDagBag","filename":"dagbag.py","lineno":460}
{"timestamp":"2026-09-27T10:36:51.619775Z","level":"info","event":"Worker startup parse complete","bundle_name":"dags-folder","bundle_version":null,"dag_file":"crypto_market_pipeline.py","dag_id":"crypto_market_pipeline","bundle_prepare_ms":7,"dag_file_parse_ms":195,"ti_id":"01a0e270-3185-7b1f-b500-1640cdc36a63","try_number":1,"task_id":"consume_from_kafka","map_index":-1,"run_id":"manual__2026-09-27T10:36:38.517676+00:00","logger":"task","filename":"task_runner.py","lineno":1073}
{"timestamp":"2026-09-27T10:36:51.814264Z","level":"info","event":"Task instance is in running state","logger":"task.stdout"}
{"timestamp":"2026-09-27T10:36:51.815095Z","level":"info","event":" Previous state of the Task instance: TaskInstanceState.QUEUED","logger":"task.stdout"}
{"timestamp":"2026-09-27T10:36:51.815768Z","level":"info","event":"Current task name:consume_from_kafka","logger":"task.stdout"}
{"timestamp":"2026-09-27T10:36:51.816291Z","level":"info","event":"Dag name:crypto_market_pipeline","logger":"task.stdout"}
{"timestamp":"2026-09-27T10:36:51.814911Z","level":"info","event":"::endgroup::","ti_id":"01a0e270-3185-7b1f-b500-1640cdc36a63","dag_id":"crypto_market_pipeline","try_number":1,"task_id":"consume_from_kafka","map_index":-1,"run_id":"manual__2026-09-27T10:36:38.517676+00:00","logger":"task","filename":"task_runner.py","lineno":2232}
{"timestamp":"2026-09-27T10:36:52.653049Z","level":"info","event":"Starting bounded Kafka consumer...","logger":"task.stdout"}
{"timestamp":"2026-09-27T10:36:52.701192Z","level":"info","event":"Received 3 Kafka target messages.","logger":"task.stdout"}
{"timestamp":"2026-09-27T10:36:52.701902Z","level":"info","event":"Kafka Airflow consumer starting...","logger":"task.stdout"}
{"timestamp":"2026-09-27T10:36:52.702418Z","level":"info","event":"Target messages: 3","logger":"task.stdout"}
{"timestamp":"2026-09-27T10:36:52.703050Z","level":"info","event":"Timeout: 30 seconds","logger":"task.stdout"}
{"timestamp":"2026-09-27T10:36:53.052024Z","level":"info","event":"","logger":"task.stdout"}
{"timestamp":"2026-09-27T10:36:53.054217Z","level":"info","event":"============================================================","logger":"task.stdout"}
{"timestamp":"2026-09-27T10:36:53.054802Z","level":"info","event":"KAFKA MESSAGE","logger":"task.stdout"}
{"timestamp":"2026-09-27T10:36:53.065399Z","level":"info","event":"============================================================","logger":"task.stdout"}
{"timestamp":"2026-09-27T10:36:53.066072Z","level":"info","event":"Partition: 1","logger":"task.stdout"}
{"timestamp":"2026-09-27T10:36:53.067865Z","level":"info","event":"Offset: 11","logger":"task.stdout"}
{"timestamp":"2026-09-27T10:36:53.068434Z","level":"info","event":"Key: solana","logger":"task.stdout"}
{"timestamp":"2026-09-27T10:36:53.051176Z","level":"info","event":"Processed crypto event: Solana (sol)","logger":"src.kafka.processor","ti_id":"01a0e270-3185-7b1f-b500-1640cdc36a63","dag_id":"crypto_market_pipeline","try_number":1,"task_id":"consume_from_kafka","map_index":-1,"run_id":"manual__2026-09-27T10:36:38.517676+00:00","filename":"processor.py","lineno":71}
{"timestamp":"2026-09-27T10:36:53.062578Z","level":"info","event":"Processed crypto event: Ethereum (eth)","logger":"src.kafka.processor","ti_id":"01a0e270-3185-7b1f-b500-1640cdc36a63","dag_id":"crypto_market_pipeline","try_number":1,"task_id":"consume_from_kafka","map_index":-1,"run_id":"manual__2026-09-27T10:36:38.517676+00:00","filename":"processor.py","lineno":71}
{"timestamp":"2026-09-27T10:36:53.072127Z","level":"info","event":"Processed crypto event: Bitcoin (btc)","logger":"src.kafka.processor","ti_id":"01a0e270-3185-7b1f-b500-1640cdc36a63","dag_id":"crypto_market_pipeline","try_number":1,"task_id":"consume_from_kafka","map_index":-1,"run_id":"manual__2026-09-27T10:36:38.517676+00:00","filename":"processor.py","lineno":71}
{"timestamp":"2026-09-27T10:36:53.083819Z","level":"info","event":"Saved raw event to data lake: data/lake/raw/crypto_market/year=2026/month=09/day=27/solana_20260927T103653051676Z.json","logger":"task.stdout"}
{"timestamp":"2026-09-27T10:36:53.090341Z","level":"info","event":"","logger":"task.stdout"}
{"timestamp":"2026-09-27T10:36:53.090959Z","level":"info","event":"PROCESSED EVENT","logger":"task.stdout"}
{"timestamp":"2026-09-27T10:36:53.091467Z","level":"info","event":"{","logger":"task.stdout"}
{"timestamp":"2026-09-27T10:36:53.103247Z","level":"info","event":"  \"id\": \"solana\",","logger":"task.stdout"}
{"timestamp":"2026-09-27T10:36:53.103999Z","level":"info","event":"  \"symbol\": \"sol\",","logger":"task.stdout"}
{"timestamp":"2026-09-27T10:36:53.104506Z","level":"info","event":"  \"name\": \"Solana\",","logger":"task.stdout"}
{"timestamp":"2026-09-27T10:36:53.108192Z","level":"info","event":"  \"current_price\": 124.03,","logger":"task.stdout"}
{"timestamp":"2026-09-27T10:36:53.113207Z","level":"info","event":"  \"market_cap\": 72899787129,","logger":"task.stdout"}
{"timestamp":"2026-09-27T10:36:53.113768Z","level":"info","event":"  \"total_volume\": 3514882203,","logger":"task.stdout"}
{"timestamp":"2026-09-27T10:36:53.114279Z","level":"info","event":"  \"market_cap_rank\": 7,","logger":"task.stdout"}
{"timestamp":"2026-09-27T10:36:53.114745Z","level":"info","event":"  \"last_updated\": \"2026-09-27T10:33:20.000Z\"","logger":"task.stdout"}
{"timestamp":"2026-09-27T10:36:53.120516Z","level":"info","event":"}","logger":"task.stdout"}
{"timestamp":"2026-09-27T10:36:53.121033Z","level":"info","event":"","logger":"task.stdout"}
{"timestamp":"2026-09-27T10:36:53.121503Z","level":"info","event":"============================================================","logger":"task.stdout"}
{"timestamp":"2026-09-27T10:36:53.122911Z","level":"info","event":"KAFKA MESSAGE","logger":"task.stdout"}
{"timestamp":"2026-09-27T10:36:53.124271Z","level":"info","event":"============================================================","logger":"task.stdout"}
{"timestamp":"2026-09-27T10:36:53.124735Z","level":"info","event":"Partition: 2","logger":"task.stdout"}
{"timestamp":"2026-09-27T10:36:53.125254Z","level":"info","event":"Offset: 10","logger":"task.stdout"}
{"timestamp":"2026-09-27T10:36:53.125715Z","level":"info","event":"Key: ethereum","logger":"task.stdout"}
{"timestamp":"2026-09-27T10:36:53.127580Z","level":"info","event":"Saved raw event to data lake: data/lake/raw/crypto_market/year=2026/month=09/day=27/ethereum_20260927T103653067179Z.json","logger":"task.stdout"}
{"timestamp":"2026-09-27T10:36:53.128167Z","level":"info","event":"","logger":"task.stdout"}
{"timestamp":"2026-09-27T10:36:53.128696Z","level":"info","event":"PROCESSED EVENT","logger":"task.stdout"}
{"timestamp":"2026-09-27T10:36:53.129250Z","level":"info","event":"{","logger":"task.stdout"}
{"timestamp":"2026-09-27T10:36:53.129705Z","level":"info","event":"  \"id\": \"ethereum\",","logger":"task.stdout"}
{"timestamp":"2026-09-27T10:36:53.130868Z","level":"info","event":"  \"symbol\": \"eth\",","logger":"task.stdout"}
{"timestamp":"2026-09-27T10:36:53.131380Z","level":"info","event":"  \"name\": \"Ethereum\",","logger":"task.stdout"}
{"timestamp":"2026-09-27T10:36:53.131900Z","level":"info","event":"  \"current_price\": 2710.11,","logger":"task.stdout"}
{"timestamp":"2026-09-27T10:36:53.133708Z","level":"info","event":"  \"market_cap\": 330899536984,","logger":"task.stdout"}
{"timestamp":"2026-09-27T10:36:53.134392Z","level":"info","event":"  \"total_volume\": 7163965748,","logger":"task.stdout"}
{"timestamp":"2026-09-27T10:36:53.134817Z","level":"info","event":"  \"market_cap_rank\": 2,","logger":"task.stdout"}
{"timestamp":"2026-09-27T10:36:53.135291Z","level":"info","event":"  \"last_updated\": \"2026-09-27T10:33:20.000Z\"","logger":"task.stdout"}
{"timestamp":"2026-09-27T10:36:53.135737Z","level":"info","event":"}","logger":"task.stdout"}
{"timestamp":"2026-09-27T10:36:53.141194Z","level":"info","event":"","logger":"task.stdout"}
{"timestamp":"2026-09-27T10:36:53.143179Z","level":"info","event":"============================================================","logger":"task.stdout"}
{"timestamp":"2026-09-27T10:36:53.143760Z","level":"info","event":"KAFKA MESSAGE","logger":"task.stdout"}
{"timestamp":"2026-09-27T10:36:53.147699Z","level":"info","event":"============================================================","logger":"task.stdout"}
{"timestamp":"2026-09-27T10:36:53.149014Z","level":"info","event":"Partition: 0","logger":"task.stdout"}
{"timestamp":"2026-09-27T10:36:53.149497Z","level":"info","event":"Offset: 10","logger":"task.stdout"}
{"timestamp":"2026-09-27T10:36:53.149981Z","level":"info","event":"Key: bitcoin","logger":"task.stdout"}
{"timestamp":"2026-09-27T10:36:53.150456Z","level":"info","event":"Saved raw event to data lake: data/lake/raw/crypto_market/year=2026/month=09/day=27/bitcoin_20260927T103653072442Z.json","logger":"task.stdout"}
{"timestamp":"2026-09-27T10:36:53.150955Z","level":"info","event":"","logger":"task.stdout"}
{"timestamp":"2026-09-27T10:36:53.151566Z","level":"info","event":"PROCESSED EVENT","logger":"task.stdout"}
{"timestamp":"2026-09-27T10:36:53.152104Z","level":"info","event":"{","logger":"task.stdout"}
{"timestamp":"2026-09-27T10:36:53.152584Z","level":"info","event":"  \"id\": \"bitcoin\",","logger":"task.stdout"}
{"timestamp":"2026-09-27T10:36:53.153077Z","level":"info","event":"  \"symbol\": \"btc\",","logger":"task.stdout"}
{"timestamp":"2026-09-27T10:36:53.153671Z","level":"info","event":"  \"name\": \"Bitcoin\",","logger":"task.stdout"}
{"timestamp":"2026-09-27T10:36:53.154668Z","level":"info","event":"  \"current_price\": 84891,","logger":"task.stdout"}
{"timestamp":"2026-09-27T10:36:53.155260Z","level":"info","event":"  \"market_cap\": 1705432008502,","logger":"task.stdout"}
{"timestamp":"2026-09-27T10:36:53.155741Z","level":"info","event":"  \"total_volume\": 20556869776,","logger":"task.stdout"}
{"timestamp":"2026-09-27T10:36:53.156241Z","level":"info","event":"  \"market_cap_rank\": 1,","logger":"task.stdout"}
{"timestamp":"2026-09-27T10:36:53.156690Z","level":"info","event":"  \"last_updated\": \"2026-09-27T10:33:20.000Z\"","logger":"task.stdout"}
{"timestamp":"2026-09-27T10:36:53.157198Z","level":"info","event":"}","logger":"task.stdout"}
{"timestamp":"2026-09-27T10:36:53.157627Z","level":"info","event":"","logger":"task.stdout"}
{"timestamp":"2026-09-27T10:36:53.158403Z","level":"info","event":"Kafka Airflow consumer finished.","logger":"task.stdout"}
{"timestamp":"2026-09-27T10:36:53.160362Z","level":"info","event":"Processed 3 target messages.","logger":"task.stdout"}
{"timestamp":"2026-09-27T10:36:53.161306Z","level":"info","event":"Kafka Airflow consumer closed.","logger":"task.stdout"}
{"timestamp":"2026-09-27T10:36:53.161819Z","level":"info","event":"DLQ producer closed.","logger":"task.stdout"}
{"timestamp":"2026-09-27T10:36:53.162322Z","level":"info","event":"Kafka consumer processed 3 target messages.","logger":"task.stdout"}
{"timestamp":"2026-09-27T10:36:53.107070Z","level":"info","event":"Done. Returned value was: 3","ti_id":"01a0e270-3185-7b1f-b500-1640cdc36a63","dag_id":"crypto_market_pipeline","try_number":1,"task_id":"consume_from_kafka","map_index":-1,"run_id":"manual__2026-09-27T10:36:38.517676+00:00","logger":"airflow.task.operators.airflow.providers.standard.operators.python.PythonOperator","filename":"python.py","lineno":233}
{"timestamp":"2026-09-27T10:36:53.107565Z","level":"info","event":"::group::Post Execute","ti_id":"01a0e270-3185-7b1f-b500-1640cdc36a63","dag_id":"crypto_market_pipeline","try_number":1,"task_id":"consume_from_kafka","map_index":-1,"run_id":"manual__2026-09-27T10:36:38.517676+00:00","logger":"task","filename":"task_runner.py","lineno":1580}
{"timestamp":"2026-09-27T10:36:53.112286Z","level":"info","event":"Pushing xcom","ti":"RuntimeTaskInstance(id=UUID('01a0e270-3185-7b1f-b500-1640cdc36a63'), task_id='consume_from_kafka', dag_id='crypto_market_pipeline', run_id='manual__2026-09-27T10:36:38.517676+00:00', try_number=1, dag_version_id=UUID('01a0e00d-f89c-717e-93bc-487e2465d82b'), map_index=-1, hostname='tony-Inspiron-3582', context_carrier={'traceparent': '00-20572d36f32f3a85cda669fabc074051-109fbb412126e21f-00'}, queue='default', task=<Task(PythonOperator): consume_from_kafka>, bundle_instance=LocalDagBundle(name=dags-folder), max_tries=0, start_date=datetime.datetime(2026, 9, 27, 10, 36, 51, 357377, tzinfo=datetime.timezone.utc), end_date=None, state=<TaskInstanceState.RUNNING: 'running'>, is_mapped=False, rendered_map_index=None, sentry_integration='')","ti_id":"01a0e270-3185-7b1f-b500-1640cdc36a63","dag_id":"crypto_market_pipeline","try_number":1,"task_id":"consume_from_kafka","map_index":-1,"run_id":"manual__2026-09-27T10:36:38.517676+00:00","logger":"task","filename":"task_runner.py","lineno":2280}
{"timestamp":"2026-09-27T10:36:53.807029Z","level":"info","event":"Task instance in success state","logger":"task.stdout"}
{"timestamp":"2026-09-27T10:36:53.807830Z","level":"info","event":" Previous state of the Task instance: TaskInstanceState.RUNNING","logger":"task.stdout"}
{"timestamp":"2026-09-27T10:36:53.808479Z","level":"info","event":"Task operator:<Task(PythonOperator): consume_from_kafka>","logger":"task.stdout"}
{"timestamp":"2026-09-27T10:36:53.806566Z","level":"info","event":"::endgroup::","ti_id":"01a0e270-3185-7b1f-b500-1640cdc36a63","dag_id":"crypto_market_pipeline","try_number":1,"task_id":"consume_from_kafka","map_index":-1,"run_id":"manual__2026-09-27T10:36:38.517676+00:00","logger":"task","filename":"task_runner.py","lineno":2379}
