{"timestamp":"2026-09-27T09:56:37.837044Z","level":"info","event":"::group::Pre Execute","logger":"task","filename":"task_runner.py","lineno":2412}
{"timestamp":"2026-09-27T09:56:38.001139Z","level":"info","event":"DAG bundles loaded: dags-folder, example_dags, apache-airflow-providers-common-sql-example-dags, apache-airflow-providers-standard-example-dags","ti_id":"01a0e243-4531-7371-ab13-c28d360c5197","dag_id":"crypto_market_pipeline","try_number":1,"task_id":"consume_from_kafka","run_id":"manual__2026-09-27T09:47:34.343870+00:00","map_index":-1,"logger":"airflow.dag_processing.bundles.manager.DagBundlesManager","filename":"manager.py","lineno":304}
{"timestamp":"2026-09-27T09:56:38.007564Z","level":"info","event":"Filling up the DagBag from /home/tony/Desktop/CryptoData/airflow/dags/crypto_market_pipeline.py","ti_id":"01a0e243-4531-7371-ab13-c28d360c5197","dag_id":"crypto_market_pipeline","try_number":1,"task_id":"consume_from_kafka","run_id":"manual__2026-09-27T09:47:34.343870+00:00","map_index":-1,"logger":"airflow.dag_processing.dagbag.BundleDagBag","filename":"dagbag.py","lineno":460}
{"timestamp":"2026-09-27T09:56:38.271776Z","level":"info","event":"Worker startup parse complete","bundle_name":"dags-folder","bundle_version":null,"dag_file":"crypto_market_pipeline.py","dag_id":"crypto_market_pipeline","bundle_prepare_ms":16,"dag_file_parse_ms":263,"ti_id":"01a0e243-4531-7371-ab13-c28d360c5197","try_number":1,"task_id":"consume_from_kafka","run_id":"manual__2026-09-27T09:47:34.343870+00:00","map_index":-1,"logger":"task","filename":"task_runner.py","lineno":1073}
{"timestamp":"2026-09-27T09:56:38.479263Z","level":"info","event":"Task instance is in running state","logger":"task.stdout"}
{"timestamp":"2026-09-27T09:56:38.486043Z","level":"info","event":" Previous state of the Task instance: TaskInstanceState.QUEUED","logger":"task.stdout"}
{"timestamp":"2026-09-27T09:56:38.489612Z","level":"info","event":"Current task name:consume_from_kafka","logger":"task.stdout"}
{"timestamp":"2026-09-27T09:56:38.490688Z","level":"info","event":"Dag name:crypto_market_pipeline","logger":"task.stdout"}
{"timestamp":"2026-09-27T09:56:38.484228Z","level":"info","event":"::endgroup::","ti_id":"01a0e243-4531-7371-ab13-c28d360c5197","dag_id":"crypto_market_pipeline","try_number":1,"task_id":"consume_from_kafka","run_id":"manual__2026-09-27T09:47:34.343870+00:00","map_index":-1,"logger":"task","filename":"task_runner.py","lineno":2232}
{"timestamp":"2026-09-27T09:56:39.357707Z","level":"info","event":"Starting bounded Kafka consumer...","logger":"task.stdout"}
{"timestamp":"2026-09-27T09:56:39.410057Z","level":"info","event":"Received 3 Kafka target messages.","logger":"task.stdout"}
{"timestamp":"2026-09-27T09:56:39.410782Z","level":"info","event":"Kafka Airflow consumer starting...","logger":"task.stdout"}
{"timestamp":"2026-09-27T09:56:39.411460Z","level":"info","event":"Target messages: 3","logger":"task.stdout"}
{"timestamp":"2026-09-27T09:56:39.412146Z","level":"info","event":"Timeout: 30 seconds","logger":"task.stdout"}
{"timestamp":"2026-09-27T09:56:40.003881Z","level":"info","event":"","logger":"task.stdout"}
{"timestamp":"2026-09-27T09:56:40.017353Z","level":"info","event":"============================================================","logger":"task.stdout"}
{"timestamp":"2026-09-27T09:56:40.018708Z","level":"info","event":"KAFKA MESSAGE","logger":"task.stdout"}
{"timestamp":"2026-09-27T09:56:40.021922Z","level":"info","event":"============================================================","logger":"task.stdout"}
{"timestamp":"2026-09-27T09:56:40.030257Z","level":"info","event":"Partition: 2","logger":"task.stdout"}
{"timestamp":"2026-09-27T09:56:40.031239Z","level":"info","event":"Offset: 9","logger":"task.stdout"}
{"timestamp":"2026-09-27T09:56:40.035987Z","level":"info","event":"Key: ethereum","logger":"task.stdout"}
{"timestamp":"2026-09-27T09:56:40.013268Z","level":"info","event":"Processed crypto event: Ethereum (eth)","logger":"src.kafka.processor","ti_id":"01a0e243-4531-7371-ab13-c28d360c5197","dag_id":"crypto_market_pipeline","try_number":1,"task_id":"consume_from_kafka","run_id":"manual__2026-09-27T09:47:34.343870+00:00","map_index":-1,"filename":"processor.py","lineno":71}
{"timestamp":"2026-09-27T09:56:40.027810Z","level":"info","event":"Processed crypto event: Bitcoin (btc)","logger":"src.kafka.processor","ti_id":"01a0e243-4531-7371-ab13-c28d360c5197","dag_id":"crypto_market_pipeline","try_number":1,"task_id":"consume_from_kafka","run_id":"manual__2026-09-27T09:47:34.343870+00:00","map_index":-1,"filename":"processor.py","lineno":71}
{"timestamp":"2026-09-27T09:56:40.060263Z","level":"info","event":"Saved raw event to data lake: data/lake/raw/crypto_market/year=2026/month=09/day=27/ethereum_20260927T095640013773Z.json","logger":"task.stdout"}
{"timestamp":"2026-09-27T09:56:40.062017Z","level":"info","event":"","logger":"task.stdout"}
{"timestamp":"2026-09-27T09:56:40.062606Z","level":"info","event":"PROCESSED EVENT","logger":"task.stdout"}
{"timestamp":"2026-09-27T09:56:40.063104Z","level":"info","event":"{","logger":"task.stdout"}
{"timestamp":"2026-09-27T09:56:40.063562Z","level":"info","event":"  \"id\": \"ethereum\",","logger":"task.stdout"}
{"timestamp":"2026-09-27T09:56:40.070702Z","level":"info","event":"  \"symbol\": \"eth\",","logger":"task.stdout"}
{"timestamp":"2026-09-27T09:56:40.074286Z","level":"info","event":"  \"name\": \"Ethereum\",","logger":"task.stdout"}
{"timestamp":"2026-09-27T09:56:40.078977Z","level":"info","event":"  \"current_price\": 2713.89,","logger":"task.stdout"}
{"timestamp":"2026-09-27T09:56:40.083115Z","level":"info","event":"  \"market_cap\": 331324144562,","logger":"task.stdout"}
{"timestamp":"2026-09-27T09:56:40.084951Z","level":"info","event":"  \"total_volume\": 7057158399,","logger":"task.stdout"}
{"timestamp":"2026-09-27T09:56:40.089989Z","level":"info","event":"  \"market_cap_rank\": 2,","logger":"task.stdout"}
{"timestamp":"2026-09-27T09:56:40.090636Z","level":"info","event":"  \"last_updated\": \"2026-09-27T09:53:30.000Z\"","logger":"task.stdout"}
{"timestamp":"2026-09-27T09:56:40.091359Z","level":"info","event":"}","logger":"task.stdout"}
{"timestamp":"2026-09-27T09:56:40.091891Z","level":"info","event":"","logger":"task.stdout"}
{"timestamp":"2026-09-27T09:56:40.092408Z","level":"info","event":"============================================================","logger":"task.stdout"}
{"timestamp":"2026-09-27T09:56:40.095983Z","level":"info","event":"KAFKA MESSAGE","logger":"task.stdout"}
{"timestamp":"2026-09-27T09:56:40.096797Z","level":"info","event":"============================================================","logger":"task.stdout"}
{"timestamp":"2026-09-27T09:56:40.097317Z","level":"info","event":"Partition: 0","logger":"task.stdout"}
{"timestamp":"2026-09-27T09:56:40.097782Z","level":"info","event":"Offset: 9","logger":"task.stdout"}
{"timestamp":"2026-09-27T09:56:40.098317Z","level":"info","event":"Key: bitcoin","logger":"task.stdout"}
{"timestamp":"2026-09-27T09:56:40.098812Z","level":"info","event":"Saved raw event to data lake: data/lake/raw/crypto_market/year=2026/month=09/day=27/bitcoin_20260927T095640028179Z.json","logger":"task.stdout"}
{"timestamp":"2026-09-27T09:56:40.103120Z","level":"info","event":"","logger":"task.stdout"}
{"timestamp":"2026-09-27T09:56:40.104593Z","level":"info","event":"PROCESSED EVENT","logger":"task.stdout"}
{"timestamp":"2026-09-27T09:56:40.105898Z","level":"info","event":"{","logger":"task.stdout"}
{"timestamp":"2026-09-27T09:56:40.115012Z","level":"info","event":"  \"id\": \"bitcoin\",","logger":"task.stdout"}
{"timestamp":"2026-09-27T09:56:40.115736Z","level":"info","event":"  \"symbol\": \"btc\",","logger":"task.stdout"}
{"timestamp":"2026-09-27T09:56:40.116268Z","level":"info","event":"  \"name\": \"Bitcoin\",","logger":"task.stdout"}
{"timestamp":"2026-09-27T09:56:40.116722Z","level":"info","event":"  \"current_price\": 84886,","logger":"task.stdout"}
{"timestamp":"2026-09-27T09:56:40.117220Z","level":"info","event":"  \"market_cap\": 1705365901858,","logger":"task.stdout"}
{"timestamp":"2026-09-27T09:56:40.117677Z","level":"info","event":"  \"total_volume\": 19810818118,","logger":"task.stdout"}
{"timestamp":"2026-09-27T09:56:40.121926Z","level":"info","event":"  \"market_cap_rank\": 1,","logger":"task.stdout"}
{"timestamp":"2026-09-27T09:56:40.124062Z","level":"info","event":"  \"last_updated\": \"2026-09-27T09:53:30.000Z\"","logger":"task.stdout"}
{"timestamp":"2026-09-27T09:56:40.130987Z","level":"info","event":"}","logger":"task.stdout"}
{"timestamp":"2026-09-27T09:56:40.132080Z","level":"info","event":"","logger":"task.stdout"}
{"timestamp":"2026-09-27T09:56:40.132621Z","level":"info","event":"============================================================","logger":"task.stdout"}
{"timestamp":"2026-09-27T09:56:40.133128Z","level":"info","event":"KAFKA MESSAGE","logger":"task.stdout"}
{"timestamp":"2026-09-27T09:56:40.133582Z","level":"info","event":"============================================================","logger":"task.stdout"}
{"timestamp":"2026-09-27T09:56:40.141201Z","level":"info","event":"Partition: 1","logger":"task.stdout"}
{"timestamp":"2026-09-27T09:56:40.142101Z","level":"info","event":"Offset: 10","logger":"task.stdout"}
{"timestamp":"2026-09-27T09:56:40.145412Z","level":"info","event":"Key: solana","logger":"task.stdout"}
{"timestamp":"2026-09-27T09:56:40.150681Z","level":"info","event":"Saved raw event to data lake: data/lake/raw/crypto_market/year=2026/month=09/day=27/solana_20260927T095640042613Z.json","logger":"task.stdout"}
{"timestamp":"2026-09-27T09:56:40.151335Z","level":"info","event":"","logger":"task.stdout"}
{"timestamp":"2026-09-27T09:56:40.155602Z","level":"info","event":"PROCESSED EVENT","logger":"task.stdout"}
{"timestamp":"2026-09-27T09:56:40.158285Z","level":"info","event":"{","logger":"task.stdout"}
{"timestamp":"2026-09-27T09:56:40.161782Z","level":"info","event":"  \"id\": \"solana\",","logger":"task.stdout"}
{"timestamp":"2026-09-27T09:56:40.163314Z","level":"info","event":"  \"symbol\": \"sol\",","logger":"task.stdout"}
{"timestamp":"2026-09-27T09:56:40.167148Z","level":"info","event":"  \"name\": \"Solana\",","logger":"task.stdout"}
{"timestamp":"2026-09-27T09:56:40.167768Z","level":"info","event":"  \"current_price\": 124.37,","logger":"task.stdout"}
{"timestamp":"2026-09-27T09:56:40.168254Z","level":"info","event":"  \"market_cap\": 73094028533,","logger":"task.stdout"}
{"timestamp":"2026-09-27T09:56:40.168689Z","level":"info","event":"  \"total_volume\": 3469494928,","logger":"task.stdout"}
{"timestamp":"2026-09-27T09:56:40.169163Z","level":"info","event":"  \"market_cap_rank\": 7,","logger":"task.stdout"}
{"timestamp":"2026-09-27T09:56:40.175096Z","level":"info","event":"  \"last_updated\": \"2026-09-27T09:53:30.000Z\"","logger":"task.stdout"}
{"timestamp":"2026-09-27T09:56:40.175684Z","level":"info","event":"}","logger":"task.stdout"}
{"timestamp":"2026-09-27T09:56:40.042295Z","level":"info","event":"Processed crypto event: Solana (sol)","logger":"src.kafka.processor","ti_id":"01a0e243-4531-7371-ab13-c28d360c5197","dag_id":"crypto_market_pipeline","try_number":1,"task_id":"consume_from_kafka","run_id":"manual__2026-09-27T09:47:34.343870+00:00","map_index":-1,"filename":"processor.py","lineno":71}
{"timestamp":"2026-09-27T09:56:40.077434Z","level":"info","event":"Done. Returned value was: 3","ti_id":"01a0e243-4531-7371-ab13-c28d360c5197","dag_id":"crypto_market_pipeline","try_number":1,"task_id":"consume_from_kafka","run_id":"manual__2026-09-27T09:47:34.343870+00:00","map_index":-1,"logger":"airflow.task.operators.airflow.providers.standard.operators.python.PythonOperator","filename":"python.py","lineno":233}
{"timestamp":"2026-09-27T09:56:40.077827Z","level":"info","event":"::group::Post Execute","ti_id":"01a0e243-4531-7371-ab13-c28d360c5197","dag_id":"crypto_market_pipeline","try_number":1,"task_id":"consume_from_kafka","run_id":"manual__2026-09-27T09:47:34.343870+00:00","map_index":-1,"logger":"task","filename":"task_runner.py","lineno":1580}
{"timestamp":"2026-09-27T09:56:40.078410Z","level":"info","event":"Pushing xcom","ti":"RuntimeTaskInstance(id=UUID('01a0e243-4531-7371-ab13-c28d360c5197'), task_id='consume_from_kafka', dag_id='crypto_market_pipeline', run_id='manual__2026-09-27T09:47:34.343870+00:00', try_number=1, dag_version_id=UUID('01a0e00d-f89c-717e-93bc-487e2465d82b'), map_index=-1, hostname='tony-Inspiron-3582', context_carrier={'traceparent': '00-d08bef2441c93d74aa38e132a329b8f5-d261676e461f1a8e-00'}, queue='default', task=<Task(PythonOperator): consume_from_kafka>, bundle_instance=LocalDagBundle(name=dags-folder), max_tries=0, start_date=datetime.datetime(2026, 9, 27, 9, 56, 37, 895416, tzinfo=datetime.timezone.utc), end_date=None, state=<TaskInstanceState.RUNNING: 'running'>, is_mapped=False, rendered_map_index=None, sentry_integration='')","ti_id":"01a0e243-4531-7371-ab13-c28d360c5197","dag_id":"crypto_market_pipeline","try_number":1,"task_id":"consume_from_kafka","run_id":"manual__2026-09-27T09:47:34.343870+00:00","map_index":-1,"logger":"task","filename":"task_runner.py","lineno":2280}
{"timestamp":"2026-09-27T09:56:40.194224Z","level":"info","event":"","logger":"task.stdout"}
{"timestamp":"2026-09-27T09:56:40.196564Z","level":"info","event":"Kafka Airflow consumer finished.","logger":"task.stdout"}
{"timestamp":"2026-09-27T09:56:40.199706Z","level":"info","event":"Processed 3 target messages.","logger":"task.stdout"}
{"timestamp":"2026-09-27T09:56:40.201753Z","level":"info","event":"Kafka Airflow consumer closed.","logger":"task.stdout"}
{"timestamp":"2026-09-27T09:56:40.205250Z","level":"info","event":"DLQ producer closed.","logger":"task.stdout"}
{"timestamp":"2026-09-27T09:56:40.205777Z","level":"info","event":"Kafka consumer processed 3 target messages.","logger":"task.stdout"}
{"timestamp":"2026-09-27T09:56:40.662290Z","level":"info","event":"Task instance in success state","logger":"task.stdout"}
{"timestamp":"2026-09-27T09:56:40.668597Z","level":"info","event":" Previous state of the Task instance: TaskInstanceState.RUNNING","logger":"task.stdout"}
{"timestamp":"2026-09-27T09:56:40.672993Z","level":"info","event":"Task operator:<Task(PythonOperator): consume_from_kafka>","logger":"task.stdout"}
{"timestamp":"2026-09-27T09:56:40.661032Z","level":"info","event":"::endgroup::","ti_id":"01a0e243-4531-7371-ab13-c28d360c5197","dag_id":"crypto_market_pipeline","try_number":1,"task_id":"consume_from_kafka","run_id":"manual__2026-09-27T09:47:34.343870+00:00","map_index":-1,"logger":"task","filename":"task_runner.py","lineno":2379}
