{"timestamp":"2026-09-27T09:56:43.526942Z","level":"info","event":"::group::Pre Execute","logger":"task","filename":"task_runner.py","lineno":2412}
{"timestamp":"2026-09-27T09:56:43.645520Z","level":"info","event":"DAG bundles loaded: dags-folder, example_dags, apache-airflow-providers-common-sql-example-dags, apache-airflow-providers-standard-example-dags","try_number":1,"map_index":-1,"task_id":"transform_to_parquet","dag_id":"crypto_market_pipeline","ti_id":"01a0e243-4532-771f-8aa4-a88a0cdbf14b","run_id":"manual__2026-09-27T09:47:34.343870+00:00","logger":"airflow.dag_processing.bundles.manager.DagBundlesManager","filename":"manager.py","lineno":304}
{"timestamp":"2026-09-27T09:56:43.658726Z","level":"info","event":"Filling up the DagBag from /home/tony/Desktop/CryptoData/airflow/dags/crypto_market_pipeline.py","try_number":1,"map_index":-1,"task_id":"transform_to_parquet","dag_id":"crypto_market_pipeline","ti_id":"01a0e243-4532-771f-8aa4-a88a0cdbf14b","run_id":"manual__2026-09-27T09:47:34.343870+00:00","logger":"airflow.dag_processing.dagbag.BundleDagBag","filename":"dagbag.py","lineno":460}
{"timestamp":"2026-09-27T09:56:44.181177Z","level":"info","event":"Worker startup parse complete","bundle_name":"dags-folder","bundle_version":null,"dag_file":"crypto_market_pipeline.py","dag_id":"crypto_market_pipeline","bundle_prepare_ms":13,"dag_file_parse_ms":529,"try_number":1,"map_index":-1,"task_id":"transform_to_parquet","ti_id":"01a0e243-4532-771f-8aa4-a88a0cdbf14b","run_id":"manual__2026-09-27T09:47:34.343870+00:00","logger":"task","filename":"task_runner.py","lineno":1073}
{"timestamp":"2026-09-27T09:56:44.499118Z","level":"info","event":"Task instance is in running state","logger":"task.stdout"}
{"timestamp":"2026-09-27T09:56:44.502236Z","level":"info","event":" Previous state of the Task instance: TaskInstanceState.QUEUED","logger":"task.stdout"}
{"timestamp":"2026-09-27T09:56:44.507143Z","level":"info","event":"Current task name:transform_to_parquet","logger":"task.stdout"}
{"timestamp":"2026-09-27T09:56:44.507881Z","level":"info","event":"Dag name:crypto_market_pipeline","logger":"task.stdout"}
{"timestamp":"2026-09-27T09:56:44.500101Z","level":"info","event":"::endgroup::","try_number":1,"map_index":-1,"task_id":"transform_to_parquet","dag_id":"crypto_market_pipeline","ti_id":"01a0e243-4532-771f-8aa4-a88a0cdbf14b","run_id":"manual__2026-09-27T09:47:34.343870+00:00","logger":"task","filename":"task_runner.py","lineno":2232}
{"timestamp":"2026-09-27T09:56:47.046565Z","level":"info","event":"Starting lake transformation...","logger":"task.stdout"}
{"timestamp":"2026-09-27T09:56:47.054539Z","level":"info","event":"Loaded 9 raw events.","logger":"task.stdout"}
{"timestamp":"2026-09-27T09:56:47.086741Z","level":"info","event":"Transformed 9 records.","logger":"task.stdout"}
{"timestamp":"2026-09-27T09:56:47.199833Z","level":"info","event":"Parquet file created: data/lake/processed/crypto_market/year=2026/month=09/day=27/crypto_market_20260927T095647Z.parquet","logger":"task.stdout"}
{"timestamp":"2026-09-27T09:56:47.198689Z","level":"info","event":"Done. Returned value was: data/lake/processed/crypto_market/year=2026/month=09/day=27/crypto_market_20260927T095647Z.parquet","try_number":1,"map_index":-1,"task_id":"transform_to_parquet","dag_id":"crypto_market_pipeline","ti_id":"01a0e243-4532-771f-8aa4-a88a0cdbf14b","run_id":"manual__2026-09-27T09:47:34.343870+00:00","logger":"airflow.task.operators.airflow.providers.standard.operators.python.PythonOperator","filename":"python.py","lineno":233}
{"timestamp":"2026-09-27T09:56:47.199180Z","level":"info","event":"::group::Post Execute","try_number":1,"map_index":-1,"task_id":"transform_to_parquet","dag_id":"crypto_market_pipeline","ti_id":"01a0e243-4532-771f-8aa4-a88a0cdbf14b","run_id":"manual__2026-09-27T09:47:34.343870+00:00","logger":"task","filename":"task_runner.py","lineno":1580}
{"timestamp":"2026-09-27T09:56:47.199815Z","level":"info","event":"Pushing xcom","ti":"RuntimeTaskInstance(id=UUID('01a0e243-4532-771f-8aa4-a88a0cdbf14b'), task_id='transform_to_parquet', dag_id='crypto_market_pipeline', run_id='manual__2026-09-27T09:47:34.343870+00:00', try_number=1, dag_version_id=UUID('01a0e00d-f89c-717e-93bc-487e2465d82b'), map_index=-1, hostname='tony-Inspiron-3582', context_carrier={'traceparent': '00-d08bef2441c93d74aa38e132a329b8f5-d261676e461f1a8e-00'}, queue='default', task=<Task(PythonOperator): transform_to_parquet>, bundle_instance=LocalDagBundle(name=dags-folder), max_tries=0, start_date=datetime.datetime(2026, 9, 27, 9, 56, 43, 546758, tzinfo=datetime.timezone.utc), end_date=None, state=<TaskInstanceState.RUNNING: 'running'>, is_mapped=False, rendered_map_index=None, sentry_integration='')","try_number":1,"map_index":-1,"task_id":"transform_to_parquet","dag_id":"crypto_market_pipeline","ti_id":"01a0e243-4532-771f-8aa4-a88a0cdbf14b","run_id":"manual__2026-09-27T09:47:34.343870+00:00","logger":"task","filename":"task_runner.py","lineno":2280}
{"timestamp":"2026-09-27T09:56:47.429404Z","level":"info","event":"Task instance in success state","logger":"task.stdout"}
{"timestamp":"2026-09-27T09:56:47.430774Z","level":"info","event":" Previous state of the Task instance: TaskInstanceState.RUNNING","logger":"task.stdout"}
{"timestamp":"2026-09-27T09:56:47.431304Z","level":"info","event":"Task operator:<Task(PythonOperator): transform_to_parquet>","logger":"task.stdout"}
{"timestamp":"2026-09-27T09:56:47.428745Z","level":"info","event":"::endgroup::","try_number":1,"map_index":-1,"task_id":"transform_to_parquet","dag_id":"crypto_market_pipeline","ti_id":"01a0e243-4532-771f-8aa4-a88a0cdbf14b","run_id":"manual__2026-09-27T09:47:34.343870+00:00","logger":"task","filename":"task_runner.py","lineno":2379}
