{"timestamp":"2026-09-27T11:15:37.980568Z","level":"info","event":"::group::Pre Execute","logger":"task","filename":"task_runner.py","lineno":2412}
{"timestamp":"2026-09-27T11:15:38.060510Z","level":"info","event":"DAG bundles loaded: dags-folder, example_dags, apache-airflow-providers-common-sql-example-dags, apache-airflow-providers-standard-example-dags","ti_id":"01a0e293-c0bb-736c-a728-ba2c2e59ebaf","task_id":"consume_from_kafka","map_index":-1,"dag_id":"crypto_market_pipeline","try_number":1,"run_id":"manual__2026-09-27T11:15:28.629946+00:00","logger":"airflow.dag_processing.bundles.manager.DagBundlesManager","filename":"manager.py","lineno":304}
{"timestamp":"2026-09-27T11:15:38.063313Z","level":"info","event":"Filling up the DagBag from /home/tony/Desktop/CryptoData/airflow/dags/crypto_market_pipeline.py","ti_id":"01a0e293-c0bb-736c-a728-ba2c2e59ebaf","task_id":"consume_from_kafka","map_index":-1,"dag_id":"crypto_market_pipeline","try_number":1,"run_id":"manual__2026-09-27T11:15:28.629946+00:00","logger":"airflow.dag_processing.dagbag.BundleDagBag","filename":"dagbag.py","lineno":460}
{"timestamp":"2026-09-27T11:15:38.236670Z","level":"info","event":"Worker startup parse complete","bundle_name":"dags-folder","bundle_version":null,"dag_file":"crypto_market_pipeline.py","dag_id":"crypto_market_pipeline","bundle_prepare_ms":6,"dag_file_parse_ms":173,"ti_id":"01a0e293-c0bb-736c-a728-ba2c2e59ebaf","task_id":"consume_from_kafka","map_index":-1,"try_number":1,"run_id":"manual__2026-09-27T11:15:28.629946+00:00","logger":"task","filename":"task_runner.py","lineno":1073}
{"timestamp":"2026-09-27T11:15:38.360453Z","level":"info","event":"Task instance is in running state","logger":"task.stdout"}
{"timestamp":"2026-09-27T11:15:38.361348Z","level":"info","event":" Previous state of the Task instance: TaskInstanceState.QUEUED","logger":"task.stdout"}
{"timestamp":"2026-09-27T11:15:38.362644Z","level":"info","event":"Current task name:consume_from_kafka","logger":"task.stdout"}
{"timestamp":"2026-09-27T11:15:38.363870Z","level":"info","event":"Dag name:crypto_market_pipeline","logger":"task.stdout"}
{"timestamp":"2026-09-27T11:15:38.356730Z","level":"info","event":"::endgroup::","ti_id":"01a0e293-c0bb-736c-a728-ba2c2e59ebaf","task_id":"consume_from_kafka","map_index":-1,"dag_id":"crypto_market_pipeline","try_number":1,"run_id":"manual__2026-09-27T11:15:28.629946+00:00","logger":"task","filename":"task_runner.py","lineno":2232}
{"timestamp":"2026-09-27T11:15:38.882397Z","level":"info","event":"Starting bounded Kafka consumer...","logger":"task.stdout"}
{"timestamp":"2026-09-27T11:15:38.932219Z","level":"info","event":"Received 3 Kafka target messages.","logger":"task.stdout"}
{"timestamp":"2026-09-27T11:15:38.933006Z","level":"info","event":"Kafka Airflow consumer starting...","logger":"task.stdout"}
{"timestamp":"2026-09-27T11:15:38.933489Z","level":"info","event":"Target messages: 3","logger":"task.stdout"}
{"timestamp":"2026-09-27T11:15:38.933983Z","level":"info","event":"Timeout: 30 seconds","logger":"task.stdout"}
{"timestamp":"2026-09-27T11:15:39.472020Z","level":"info","event":"","logger":"task.stdout"}
{"timestamp":"2026-09-27T11:15:39.472674Z","level":"info","event":"============================================================","logger":"task.stdout"}
{"timestamp":"2026-09-27T11:15:39.473162Z","level":"info","event":"KAFKA MESSAGE","logger":"task.stdout"}
{"timestamp":"2026-09-27T11:15:39.473607Z","level":"info","event":"============================================================","logger":"task.stdout"}
{"timestamp":"2026-09-27T11:15:39.474068Z","level":"info","event":"Partition: 0","logger":"task.stdout"}
{"timestamp":"2026-09-27T11:15:39.474508Z","level":"info","event":"Offset: 12","logger":"task.stdout"}
{"timestamp":"2026-09-27T11:15:39.474970Z","level":"info","event":"Key: bitcoin","logger":"task.stdout"}
{"timestamp":"2026-09-27T11:15:39.475628Z","level":"info","event":"Saved raw event to data lake: data/lake/raw/crypto_market/year=2026/month=09/day=27/bitcoin_20260927T111539473039Z.json","logger":"task.stdout"}
{"timestamp":"2026-09-27T11:15:39.476149Z","level":"info","event":"","logger":"task.stdout"}
{"timestamp":"2026-09-27T11:15:39.476630Z","level":"info","event":"PROCESSED EVENT","logger":"task.stdout"}
{"timestamp":"2026-09-27T11:15:39.477093Z","level":"info","event":"{","logger":"task.stdout"}
{"timestamp":"2026-09-27T11:15:39.477544Z","level":"info","event":"  \"id\": \"bitcoin\",","logger":"task.stdout"}
{"timestamp":"2026-09-27T11:15:39.478017Z","level":"info","event":"  \"symbol\": \"btc\",","logger":"task.stdout"}
{"timestamp":"2026-09-27T11:15:39.478465Z","level":"info","event":"  \"name\": \"Bitcoin\",","logger":"task.stdout"}
{"timestamp":"2026-09-27T11:15:39.478919Z","level":"info","event":"  \"current_price\": 84905,","logger":"task.stdout"}
{"timestamp":"2026-09-27T11:15:39.479370Z","level":"info","event":"  \"market_cap\": 1705981676971,","logger":"task.stdout"}
{"timestamp":"2026-09-27T11:15:39.479814Z","level":"info","event":"  \"total_volume\": 20587219528,","logger":"task.stdout"}
{"timestamp":"2026-09-27T11:15:39.480444Z","level":"info","event":"  \"market_cap_rank\": 1,","logger":"task.stdout"}
{"timestamp":"2026-09-27T11:15:39.481109Z","level":"info","event":"  \"last_updated\": \"2026-09-27T11:13:20.000Z\"","logger":"task.stdout"}
{"timestamp":"2026-09-27T11:15:39.481591Z","level":"info","event":"}","logger":"task.stdout"}
{"timestamp":"2026-09-27T11:15:39.482182Z","level":"info","event":"","logger":"task.stdout"}
{"timestamp":"2026-09-27T11:15:39.482654Z","level":"info","event":"============================================================","logger":"task.stdout"}
{"timestamp":"2026-09-27T11:15:39.483133Z","level":"info","event":"KAFKA MESSAGE","logger":"task.stdout"}
{"timestamp":"2026-09-27T11:15:39.483569Z","level":"info","event":"============================================================","logger":"task.stdout"}
{"timestamp":"2026-09-27T11:15:39.484721Z","level":"info","event":"Partition: 1","logger":"task.stdout"}
{"timestamp":"2026-09-27T11:15:39.485217Z","level":"info","event":"Offset: 13","logger":"task.stdout"}
{"timestamp":"2026-09-27T11:15:39.485655Z","level":"info","event":"Key: solana","logger":"task.stdout"}
{"timestamp":"2026-09-27T11:15:39.472594Z","level":"info","event":"Processed crypto event: Bitcoin (btc)","logger":"src.kafka.processor","ti_id":"01a0e293-c0bb-736c-a728-ba2c2e59ebaf","task_id":"consume_from_kafka","map_index":-1,"dag_id":"crypto_market_pipeline","try_number":1,"run_id":"manual__2026-09-27T11:15:28.629946+00:00","filename":"processor.py","lineno":71}
{"timestamp":"2026-09-27T11:15:39.474873Z","level":"info","event":"Processed crypto event: Solana (sol)","logger":"src.kafka.processor","ti_id":"01a0e293-c0bb-736c-a728-ba2c2e59ebaf","task_id":"consume_from_kafka","map_index":-1,"dag_id":"crypto_market_pipeline","try_number":1,"run_id":"manual__2026-09-27T11:15:28.629946+00:00","filename":"processor.py","lineno":71}
{"timestamp":"2026-09-27T11:15:39.476554Z","level":"info","event":"Processed crypto event: Ethereum (eth)","logger":"src.kafka.processor","ti_id":"01a0e293-c0bb-736c-a728-ba2c2e59ebaf","task_id":"consume_from_kafka","map_index":-1,"dag_id":"crypto_market_pipeline","try_number":1,"run_id":"manual__2026-09-27T11:15:28.629946+00:00","filename":"processor.py","lineno":71}
{"timestamp":"2026-09-27T11:15:39.483087Z","level":"info","event":"Done. Returned value was: 3","ti_id":"01a0e293-c0bb-736c-a728-ba2c2e59ebaf","task_id":"consume_from_kafka","map_index":-1,"dag_id":"crypto_market_pipeline","try_number":1,"run_id":"manual__2026-09-27T11:15:28.629946+00:00","logger":"airflow.task.operators.airflow.providers.standard.operators.python.PythonOperator","filename":"python.py","lineno":233}
{"timestamp":"2026-09-27T11:15:39.483460Z","level":"info","event":"::group::Post Execute","ti_id":"01a0e293-c0bb-736c-a728-ba2c2e59ebaf","task_id":"consume_from_kafka","map_index":-1,"dag_id":"crypto_market_pipeline","try_number":1,"run_id":"manual__2026-09-27T11:15:28.629946+00:00","logger":"task","filename":"task_runner.py","lineno":1580}
{"timestamp":"2026-09-27T11:15:39.484084Z","level":"info","event":"Pushing xcom","ti":"RuntimeTaskInstance(id=UUID('01a0e293-c0bb-736c-a728-ba2c2e59ebaf'), task_id='consume_from_kafka', dag_id='crypto_market_pipeline', run_id='manual__2026-09-27T11:15:28.629946+00:00', try_number=1, dag_version_id=UUID('01a0e00d-f89c-717e-93bc-487e2465d82b'), map_index=-1, hostname='tony-Inspiron-3582', context_carrier={'traceparent': '00-24a174fc0ec958b862f567d706619b12-46697a9c991385a9-00'}, queue='default', task=<Task(PythonOperator): consume_from_kafka>, bundle_instance=LocalDagBundle(name=dags-folder), max_tries=0, start_date=datetime.datetime(2026, 9, 27, 11, 15, 38, 26509, tzinfo=datetime.timezone.utc), end_date=None, state=<TaskInstanceState.RUNNING: 'running'>, is_mapped=False, rendered_map_index=None, sentry_integration='')","ti_id":"01a0e293-c0bb-736c-a728-ba2c2e59ebaf","task_id":"consume_from_kafka","map_index":-1,"dag_id":"crypto_market_pipeline","try_number":1,"run_id":"manual__2026-09-27T11:15:28.629946+00:00","logger":"task","filename":"task_runner.py","lineno":2280}
{"timestamp":"2026-09-27T11:15:39.493438Z","level":"info","event":"Saved raw event to data lake: data/lake/raw/crypto_market/year=2026/month=09/day=27/solana_20260927T111539475147Z.json","logger":"task.stdout"}
{"timestamp":"2026-09-27T11:15:39.493984Z","level":"info","event":"","logger":"task.stdout"}
{"timestamp":"2026-09-27T11:15:39.494468Z","level":"info","event":"PROCESSED EVENT","logger":"task.stdout"}
{"timestamp":"2026-09-27T11:15:39.494948Z","level":"info","event":"{","logger":"task.stdout"}
{"timestamp":"2026-09-27T11:15:39.495395Z","level":"info","event":"  \"id\": \"solana\",","logger":"task.stdout"}
{"timestamp":"2026-09-27T11:15:39.495852Z","level":"info","event":"  \"symbol\": \"sol\",","logger":"task.stdout"}
{"timestamp":"2026-09-27T11:15:39.496322Z","level":"info","event":"  \"name\": \"Solana\",","logger":"task.stdout"}
{"timestamp":"2026-09-27T11:15:39.496753Z","level":"info","event":"  \"current_price\": 124.02,","logger":"task.stdout"}
{"timestamp":"2026-09-27T11:15:39.497316Z","level":"info","event":"  \"market_cap\": 72909210785,","logger":"task.stdout"}
{"timestamp":"2026-09-27T11:15:39.497779Z","level":"info","event":"  \"total_volume\": 3522939477,","logger":"task.stdout"}
{"timestamp":"2026-09-27T11:15:39.498262Z","level":"info","event":"  \"market_cap_rank\": 7,","logger":"task.stdout"}
{"timestamp":"2026-09-27T11:15:39.498721Z","level":"info","event":"  \"last_updated\": \"2026-09-27T11:13:20.000Z\"","logger":"task.stdout"}
{"timestamp":"2026-09-27T11:15:39.499240Z","level":"info","event":"}","logger":"task.stdout"}
{"timestamp":"2026-09-27T11:15:39.499684Z","level":"info","event":"","logger":"task.stdout"}
{"timestamp":"2026-09-27T11:15:39.500203Z","level":"info","event":"============================================================","logger":"task.stdout"}
{"timestamp":"2026-09-27T11:15:39.500635Z","level":"info","event":"KAFKA MESSAGE","logger":"task.stdout"}
{"timestamp":"2026-09-27T11:15:39.501103Z","level":"info","event":"============================================================","logger":"task.stdout"}
{"timestamp":"2026-09-27T11:15:39.501956Z","level":"info","event":"Partition: 2","logger":"task.stdout"}
{"timestamp":"2026-09-27T11:15:39.502914Z","level":"info","event":"Offset: 12","logger":"task.stdout"}
{"timestamp":"2026-09-27T11:15:39.503389Z","level":"info","event":"Key: ethereum","logger":"task.stdout"}
{"timestamp":"2026-09-27T11:15:39.503832Z","level":"info","event":"Saved raw event to data lake: data/lake/raw/crypto_market/year=2026/month=09/day=27/ethereum_20260927T111539476810Z.json","logger":"task.stdout"}
{"timestamp":"2026-09-27T11:15:39.504315Z","level":"info","event":"","logger":"task.stdout"}
{"timestamp":"2026-09-27T11:15:39.504762Z","level":"info","event":"PROCESSED EVENT","logger":"task.stdout"}
{"timestamp":"2026-09-27T11:15:39.505282Z","level":"info","event":"{","logger":"task.stdout"}
{"timestamp":"2026-09-27T11:15:39.505732Z","level":"info","event":"  \"id\": \"ethereum\",","logger":"task.stdout"}
{"timestamp":"2026-09-27T11:15:39.506224Z","level":"info","event":"  \"symbol\": \"eth\",","logger":"task.stdout"}
{"timestamp":"2026-09-27T11:15:39.506700Z","level":"info","event":"  \"name\": \"Ethereum\",","logger":"task.stdout"}
{"timestamp":"2026-09-27T11:15:39.507185Z","level":"info","event":"  \"current_price\": 2710.01,","logger":"task.stdout"}
{"timestamp":"2026-09-27T11:15:39.507622Z","level":"info","event":"  \"market_cap\": 330910166807,","logger":"task.stdout"}
{"timestamp":"2026-09-27T11:15:39.508083Z","level":"info","event":"  \"total_volume\": 7155517313,","logger":"task.stdout"}
{"timestamp":"2026-09-27T11:15:39.508626Z","level":"info","event":"  \"market_cap_rank\": 2,","logger":"task.stdout"}
{"timestamp":"2026-09-27T11:15:39.509120Z","level":"info","event":"  \"last_updated\": \"2026-09-27T11:13:20.000Z\"","logger":"task.stdout"}
{"timestamp":"2026-09-27T11:15:39.509616Z","level":"info","event":"}","logger":"task.stdout"}
{"timestamp":"2026-09-27T11:15:39.510091Z","level":"info","event":"","logger":"task.stdout"}
{"timestamp":"2026-09-27T11:15:39.510549Z","level":"info","event":"Kafka Airflow consumer finished.","logger":"task.stdout"}
{"timestamp":"2026-09-27T11:15:39.511024Z","level":"info","event":"Processed 3 target messages.","logger":"task.stdout"}
{"timestamp":"2026-09-27T11:15:39.511477Z","level":"info","event":"Kafka Airflow consumer closed.","logger":"task.stdout"}
{"timestamp":"2026-09-27T11:15:39.511962Z","level":"info","event":"DLQ producer closed.","logger":"task.stdout"}
{"timestamp":"2026-09-27T11:15:39.512518Z","level":"info","event":"Kafka consumer processed 3 target messages.","logger":"task.stdout"}
{"timestamp":"2026-09-27T11:15:39.677053Z","level":"info","event":"Task instance in success state","logger":"task.stdout"}
{"timestamp":"2026-09-27T11:15:39.677754Z","level":"info","event":" Previous state of the Task instance: TaskInstanceState.RUNNING","logger":"task.stdout"}
{"timestamp":"2026-09-27T11:15:39.678307Z","level":"info","event":"Task operator:<Task(PythonOperator): consume_from_kafka>","logger":"task.stdout"}
{"timestamp":"2026-09-27T11:15:39.675668Z","level":"info","event":"::endgroup::","ti_id":"01a0e293-c0bb-736c-a728-ba2c2e59ebaf","task_id":"consume_from_kafka","map_index":-1,"dag_id":"crypto_market_pipeline","try_number":1,"run_id":"manual__2026-09-27T11:15:28.629946+00:00","logger":"task","filename":"task_runner.py","lineno":2379}
