{"timestamp":"2026-09-27T11:15:44.107949Z","level":"info","event":"::group::Pre Execute","logger":"task","filename":"task_runner.py","lineno":2412}
{"timestamp":"2026-09-27T11:15:44.234472Z","level":"info","event":"DAG bundles loaded: dags-folder, example_dags, apache-airflow-providers-common-sql-example-dags, apache-airflow-providers-standard-example-dags","task_id":"load_to_bigquery","map_index":-1,"try_number":1,"dag_id":"crypto_market_pipeline","ti_id":"01a0e293-c0bd-7824-9236-55717eee7d66","run_id":"manual__2026-09-27T11:15:28.629946+00:00","logger":"airflow.dag_processing.bundles.manager.DagBundlesManager","filename":"manager.py","lineno":304}
{"timestamp":"2026-09-27T11:15:44.237222Z","level":"info","event":"Filling up the DagBag from /home/tony/Desktop/CryptoData/airflow/dags/crypto_market_pipeline.py","task_id":"load_to_bigquery","map_index":-1,"try_number":1,"dag_id":"crypto_market_pipeline","ti_id":"01a0e293-c0bd-7824-9236-55717eee7d66","run_id":"manual__2026-09-27T11:15:28.629946+00:00","logger":"airflow.dag_processing.dagbag.BundleDagBag","filename":"dagbag.py","lineno":460}
{"timestamp":"2026-09-27T11:15:44.401356Z","level":"info","event":"Worker startup parse complete","bundle_name":"dags-folder","bundle_version":null,"dag_file":"crypto_market_pipeline.py","dag_id":"crypto_market_pipeline","bundle_prepare_ms":6,"dag_file_parse_ms":164,"task_id":"load_to_bigquery","map_index":-1,"try_number":1,"ti_id":"01a0e293-c0bd-7824-9236-55717eee7d66","run_id":"manual__2026-09-27T11:15:28.629946+00:00","logger":"task","filename":"task_runner.py","lineno":1073}
{"timestamp":"2026-09-27T11:15:44.580482Z","level":"info","event":"Task instance is in running state","logger":"task.stdout"}
{"timestamp":"2026-09-27T11:15:44.581315Z","level":"info","event":" Previous state of the Task instance: TaskInstanceState.QUEUED","logger":"task.stdout"}
{"timestamp":"2026-09-27T11:15:44.581824Z","level":"info","event":"Current task name:load_to_bigquery","logger":"task.stdout"}
{"timestamp":"2026-09-27T11:15:44.582325Z","level":"info","event":"Dag name:crypto_market_pipeline","logger":"task.stdout"}
{"timestamp":"2026-09-27T11:15:44.578237Z","level":"info","event":"::endgroup::","task_id":"load_to_bigquery","map_index":-1,"try_number":1,"dag_id":"crypto_market_pipeline","ti_id":"01a0e293-c0bd-7824-9236-55717eee7d66","run_id":"manual__2026-09-27T11:15:28.629946+00:00","logger":"task","filename":"task_runner.py","lineno":2232}
{"timestamp":"2026-09-27T11:15:48.987040Z","level":"info","event":"Starting BigQuery load...","logger":"task.stdout"}
{"timestamp":"2026-09-27T11:15:49.013518Z","level":"info","event":"Parquet file received: data/lake/processed/crypto_market/year=2026/month=09/day=27/crypto_market_20260927T111542Z.parquet","logger":"task.stdout"}
{"timestamp":"2026-09-27T11:15:51.558888Z","level":"info","event":"Loading Parquet file: data/lake/processed/crypto_market/year=2026/month=09/day=27/crypto_market_20260927T111542Z.parquet","logger":"task.stdout"}
{"timestamp":"2026-09-27T11:15:58.396284Z","level":"info","event":"Successfully loaded data into crypto-market-data-platform.crypto_market.crypto_prices","logger":"task.stdout"}
{"timestamp":"2026-09-27T11:15:58.397028Z","level":"info","event":"BigQuery load completed successfully.","logger":"task.stdout"}
{"timestamp":"2026-09-27T11:15:58.396378Z","level":"info","event":"Done. Returned value was: None","task_id":"load_to_bigquery","map_index":-1,"try_number":1,"dag_id":"crypto_market_pipeline","ti_id":"01a0e293-c0bd-7824-9236-55717eee7d66","run_id":"manual__2026-09-27T11:15:28.629946+00:00","logger":"airflow.task.operators.airflow.providers.standard.operators.python.PythonOperator","filename":"python.py","lineno":233}
{"timestamp":"2026-09-27T11:15:58.396901Z","level":"info","event":"::group::Post Execute","task_id":"load_to_bigquery","map_index":-1,"try_number":1,"dag_id":"crypto_market_pipeline","ti_id":"01a0e293-c0bd-7824-9236-55717eee7d66","run_id":"manual__2026-09-27T11:15:28.629946+00:00","logger":"task","filename":"task_runner.py","lineno":1580}
{"timestamp":"2026-09-27T11:15:58.494099Z","level":"info","event":"Task instance in success state","logger":"task.stdout"}
{"timestamp":"2026-09-27T11:15:58.494820Z","level":"info","event":" Previous state of the Task instance: TaskInstanceState.RUNNING","logger":"task.stdout"}
{"timestamp":"2026-09-27T11:15:58.495340Z","level":"info","event":"Task operator:<Task(PythonOperator): load_to_bigquery>","logger":"task.stdout"}
{"timestamp":"2026-09-27T11:15:58.493513Z","level":"info","event":"::endgroup::","task_id":"load_to_bigquery","map_index":-1,"try_number":1,"dag_id":"crypto_market_pipeline","ti_id":"01a0e293-c0bd-7824-9236-55717eee7d66","run_id":"manual__2026-09-27T11:15:28.629946+00:00","logger":"task","filename":"task_runner.py","lineno":2379}
