{"timestamp":"2026-09-27T11:15:40.603117Z","level":"info","event":"::group::Pre Execute","logger":"task","filename":"task_runner.py","lineno":2412}
{"timestamp":"2026-09-27T11:15:40.678364Z","level":"info","event":"DAG bundles loaded: dags-folder, example_dags, apache-airflow-providers-common-sql-example-dags, apache-airflow-providers-standard-example-dags","map_index":-1,"try_number":1,"ti_id":"01a0e293-c0bc-7ecd-9cf4-cd961d12f517","run_id":"manual__2026-09-27T11:15:28.629946+00:00","dag_id":"crypto_market_pipeline","task_id":"transform_to_parquet","logger":"airflow.dag_processing.bundles.manager.DagBundlesManager","filename":"manager.py","lineno":304}
{"timestamp":"2026-09-27T11:15:40.681730Z","level":"info","event":"Filling up the DagBag from /home/tony/Desktop/CryptoData/airflow/dags/crypto_market_pipeline.py","map_index":-1,"try_number":1,"ti_id":"01a0e293-c0bc-7ecd-9cf4-cd961d12f517","run_id":"manual__2026-09-27T11:15:28.629946+00:00","dag_id":"crypto_market_pipeline","task_id":"transform_to_parquet","logger":"airflow.dag_processing.dagbag.BundleDagBag","filename":"dagbag.py","lineno":460}
{"timestamp":"2026-09-27T11:15:40.856430Z","level":"info","event":"Worker startup parse complete","bundle_name":"dags-folder","bundle_version":null,"dag_file":"crypto_market_pipeline.py","dag_id":"crypto_market_pipeline","bundle_prepare_ms":6,"dag_file_parse_ms":175,"map_index":-1,"try_number":1,"ti_id":"01a0e293-c0bc-7ecd-9cf4-cd961d12f517","run_id":"manual__2026-09-27T11:15:28.629946+00:00","task_id":"transform_to_parquet","logger":"task","filename":"task_runner.py","lineno":1073}
{"timestamp":"2026-09-27T11:15:41.045268Z","level":"info","event":"::endgroup::","map_index":-1,"try_number":1,"ti_id":"01a0e293-c0bc-7ecd-9cf4-cd961d12f517","run_id":"manual__2026-09-27T11:15:28.629946+00:00","dag_id":"crypto_market_pipeline","task_id":"transform_to_parquet","logger":"task","filename":"task_runner.py","lineno":2232}
{"timestamp":"2026-09-27T11:15:41.052254Z","level":"info","event":"Task instance is in running state","logger":"task.stdout"}
{"timestamp":"2026-09-27T11:15:41.060469Z","level":"info","event":" Previous state of the Task instance: TaskInstanceState.QUEUED","logger":"task.stdout"}
{"timestamp":"2026-09-27T11:15:41.061122Z","level":"info","event":"Current task name:transform_to_parquet","logger":"task.stdout"}
{"timestamp":"2026-09-27T11:15:41.061592Z","level":"info","event":"Dag name:crypto_market_pipeline","logger":"task.stdout"}
{"timestamp":"2026-09-27T11:15:42.776027Z","level":"info","event":"Starting lake transformation...","logger":"task.stdout"}
{"timestamp":"2026-09-27T11:15:42.785189Z","level":"info","event":"Loaded 18 raw events.","logger":"task.stdout"}
{"timestamp":"2026-09-27T11:15:42.820028Z","level":"info","event":"Transformed 18 records.","logger":"task.stdout"}
{"timestamp":"2026-09-27T11:15:42.957027Z","level":"info","event":"Parquet file created: data/lake/processed/crypto_market/year=2026/month=09/day=27/crypto_market_20260927T111542Z.parquet","logger":"task.stdout"}
{"timestamp":"2026-09-27T11:15:42.956434Z","level":"info","event":"Done. Returned value was: data/lake/processed/crypto_market/year=2026/month=09/day=27/crypto_market_20260927T111542Z.parquet","map_index":-1,"try_number":1,"ti_id":"01a0e293-c0bc-7ecd-9cf4-cd961d12f517","run_id":"manual__2026-09-27T11:15:28.629946+00:00","dag_id":"crypto_market_pipeline","task_id":"transform_to_parquet","logger":"airflow.task.operators.airflow.providers.standard.operators.python.PythonOperator","filename":"python.py","lineno":233}
{"timestamp":"2026-09-27T11:15:42.958935Z","level":"info","event":"::group::Post Execute","map_index":-1,"try_number":1,"ti_id":"01a0e293-c0bc-7ecd-9cf4-cd961d12f517","run_id":"manual__2026-09-27T11:15:28.629946+00:00","dag_id":"crypto_market_pipeline","task_id":"transform_to_parquet","logger":"task","filename":"task_runner.py","lineno":1580}
{"timestamp":"2026-09-27T11:15:42.959669Z","level":"info","event":"Pushing xcom","ti":"RuntimeTaskInstance(id=UUID('01a0e293-c0bc-7ecd-9cf4-cd961d12f517'), task_id='transform_to_parquet', dag_id='crypto_market_pipeline', run_id='manual__2026-09-27T11:15:28.629946+00:00', try_number=1, dag_version_id=UUID('01a0e00d-f89c-717e-93bc-487e2465d82b'), map_index=-1, hostname='tony-Inspiron-3582', context_carrier={'traceparent': '00-24a174fc0ec958b862f567d706619b12-46697a9c991385a9-00'}, queue='default', task=<Task(PythonOperator): transform_to_parquet>, bundle_instance=LocalDagBundle(name=dags-folder), max_tries=0, start_date=datetime.datetime(2026, 9, 27, 11, 15, 40, 645063, tzinfo=datetime.timezone.utc), end_date=None, state=<TaskInstanceState.RUNNING: 'running'>, is_mapped=False, rendered_map_index=None, sentry_integration='')","map_index":-1,"try_number":1,"ti_id":"01a0e293-c0bc-7ecd-9cf4-cd961d12f517","run_id":"manual__2026-09-27T11:15:28.629946+00:00","dag_id":"crypto_market_pipeline","task_id":"transform_to_parquet","logger":"task","filename":"task_runner.py","lineno":2280}
{"timestamp":"2026-09-27T11:15:43.310105Z","level":"info","event":"Task instance in success state","logger":"task.stdout"}
{"timestamp":"2026-09-27T11:15:43.320380Z","level":"info","event":" Previous state of the Task instance: TaskInstanceState.RUNNING","logger":"task.stdout"}
{"timestamp":"2026-09-27T11:15:43.321166Z","level":"info","event":"Task operator:<Task(PythonOperator): transform_to_parquet>","logger":"task.stdout"}
{"timestamp":"2026-09-27T11:15:43.306252Z","level":"info","event":"::endgroup::","map_index":-1,"try_number":1,"ti_id":"01a0e293-c0bc-7ecd-9cf4-cd961d12f517","run_id":"manual__2026-09-27T11:15:28.629946+00:00","dag_id":"crypto_market_pipeline","task_id":"transform_to_parquet","logger":"task","filename":"task_runner.py","lineno":2379}
