{"timestamp":"2026-09-27T11:16:00.490965Z","level":"info","event":"::group::Pre Execute","logger":"task","filename":"task_runner.py","lineno":2412}
{"timestamp":"2026-09-27T11:16:00.634008Z","level":"info","event":"DAG bundles loaded: dags-folder, example_dags, apache-airflow-providers-common-sql-example-dags, apache-airflow-providers-standard-example-dags","map_index":-1,"task_id":"run_dbt","run_id":"manual__2026-09-27T11:15:28.629946+00:00","dag_id":"crypto_market_pipeline","ti_id":"01a0e293-c0be-74ff-9ac4-7aefd707b4a1","try_number":1,"logger":"airflow.dag_processing.bundles.manager.DagBundlesManager","filename":"manager.py","lineno":304}
{"timestamp":"2026-09-27T11:16:00.637176Z","level":"info","event":"Filling up the DagBag from /home/tony/Desktop/CryptoData/airflow/dags/crypto_market_pipeline.py","map_index":-1,"task_id":"run_dbt","run_id":"manual__2026-09-27T11:15:28.629946+00:00","dag_id":"crypto_market_pipeline","ti_id":"01a0e293-c0be-74ff-9ac4-7aefd707b4a1","try_number":1,"logger":"airflow.dag_processing.dagbag.BundleDagBag","filename":"dagbag.py","lineno":460}
{"timestamp":"2026-09-27T11:16:00.918124Z","level":"info","event":"Worker startup parse complete","bundle_name":"dags-folder","bundle_version":null,"dag_file":"crypto_market_pipeline.py","dag_id":"crypto_market_pipeline","bundle_prepare_ms":9,"dag_file_parse_ms":281,"map_index":-1,"task_id":"run_dbt","run_id":"manual__2026-09-27T11:15:28.629946+00:00","ti_id":"01a0e293-c0be-74ff-9ac4-7aefd707b4a1","try_number":1,"logger":"task","filename":"task_runner.py","lineno":1073}
{"timestamp":"2026-09-27T11:16:01.050897Z","level":"info","event":"Task instance is in running state","logger":"task.stdout"}
{"timestamp":"2026-09-27T11:16:01.051952Z","level":"info","event":" Previous state of the Task instance: TaskInstanceState.QUEUED","logger":"task.stdout"}
{"timestamp":"2026-09-27T11:16:01.057372Z","level":"info","event":"Current task name:run_dbt","logger":"task.stdout"}
{"timestamp":"2026-09-27T11:16:01.058004Z","level":"info","event":"Dag name:crypto_market_pipeline","logger":"task.stdout"}
{"timestamp":"2026-09-27T11:16:01.047668Z","level":"info","event":"::endgroup::","map_index":-1,"task_id":"run_dbt","run_id":"manual__2026-09-27T11:15:28.629946+00:00","dag_id":"crypto_market_pipeline","ti_id":"01a0e293-c0be-74ff-9ac4-7aefd707b4a1","try_number":1,"logger":"task","filename":"task_runner.py","lineno":2232}
{"timestamp":"2026-09-27T11:16:01.063307Z","level":"info","event":"Starting dbt build...","logger":"task.stdout"}
{"timestamp":"2026-09-27T11:16:06.559274Z","level":"info","event":"       dbt 2.0.6","logger":"task.stdout"}
{"timestamp":"2026-09-27T11:16:07.750197Z","level":"info","event":"   Loading ~/.dbt/profiles.yml","logger":"task.stdout"}
{"timestamp":"2026-09-27T11:16:38.898784Z","level":"info","event":" Succeeded model crypto_market.stg_crypto_prices (view) [1 of 19 in 12.14s]","logger":"task.stdout"}
{"timestamp":"2026-09-27T11:16:44.584614Z","level":"info","event":"    Passed test  not_null_stg_crypto_prices_name [7 of 19 in 5.69s]","logger":"task.stdout"}
{"timestamp":"2026-09-27T11:16:44.669744Z","level":"info","event":"    Passed test  not_null_stg_crypto_prices_last_updated [11 of 19 in 5.78s]","logger":"task.stdout"}
{"timestamp":"2026-09-27T11:16:44.687042Z","level":"info","event":"    Passed test  not_null_stg_crypto_prices_event_id [8 of 19 in 5.79s]","logger":"task.stdout"}
{"timestamp":"2026-09-27T11:16:44.691297Z","level":"info","event":"    Passed test  stg_crypto_prices_unique [5 of 19 in 5.79s]","logger":"task.stdout"}
{"timestamp":"2026-09-27T11:16:44.700290Z","level":"info","event":"    Passed test  not_null_stg_crypto_prices_symbol [6 of 19 in 5.81s]","logger":"task.stdout"}
{"timestamp":"2026-09-27T11:16:44.867101Z","level":"info","event":"    Passed test  stg_crypto_prices_valid_values [10 of 19 in 5.96s]","logger":"task.stdout"}
{"timestamp":"2026-09-27T11:16:44.926569Z","level":"info","event":"    Passed test  not_null_stg_crypto_prices_crypto_id [4 of 19 in 6.03s]","logger":"task.stdout"}
{"timestamp":"2026-09-27T11:16:45.098966Z","level":"info","event":"    Passed test  not_null_stg_crypto_prices_current_price [3 of 19 in 6.21s]","logger":"task.stdout"}
{"timestamp":"2026-09-27T11:16:45.276680Z","level":"info","event":"    Passed test  not_null_stg_crypto_prices_market_cap [9 of 19 in 6.38s]","logger":"task.stdout"}
{"timestamp":"2026-09-27T11:16:51.788099Z","level":"info","event":" Succeeded model crypto_market.mart_crypto_latest (table) [2 of 19 in 6.52s]","logger":"task.stdout"}
{"timestamp":"2026-09-27T11:16:55.861012Z","level":"info","event":"    Passed test  not_null_mart_crypto_latest_last_updated [16 of 19 in 4.07s]","logger":"task.stdout"}
{"timestamp":"2026-09-27T11:16:55.935645Z","level":"info","event":"    Passed test  not_null_mart_crypto_latest_market_cap [14 of 19 in 4.09s]","logger":"task.stdout"}
{"timestamp":"2026-09-27T11:16:55.937421Z","level":"info","event":"    Passed test  unique_mart_crypto_latest_crypto_id [19 of 19 in 4.09s]","logger":"task.stdout"}
{"timestamp":"2026-09-27T11:16:56.105538Z","level":"info","event":"    Passed test  not_null_mart_crypto_latest_market_cap_rank [15 of 19 in 4.32s]","logger":"task.stdout"}
{"timestamp":"2026-09-27T11:16:56.144355Z","level":"info","event":"    Passed test  not_null_mart_crypto_latest_symbol [12 of 19 in 4.35s]","logger":"task.stdout"}
{"timestamp":"2026-09-27T11:16:56.350176Z","level":"info","event":"    Passed test  not_null_mart_crypto_latest_crypto_id [18 of 19 in 4.56s]","logger":"task.stdout"}
{"timestamp":"2026-09-27T11:16:56.565898Z","level":"info","event":"    Passed test  not_null_mart_crypto_latest_current_price [13 of 19 in 4.78s]","logger":"task.stdout"}
{"timestamp":"2026-09-27T11:16:56.683787Z","level":"info","event":"    Passed test  not_null_mart_crypto_latest_name [17 of 19 in 4.89s]","logger":"task.stdout"}
{"timestamp":"2026-09-27T11:16:58.177346Z","level":"info","event":"","logger":"task.stdout"}
{"timestamp":"2026-09-27T11:16:58.178930Z","level":"info","event":"==================== Execution Summary =====================","logger":"task.stdout"}
{"timestamp":"2026-09-27T11:16:58.179443Z","level":"info","event":"Finished 'build' successfully for target 'dev' [52.5s]","logger":"task.stdout"}
{"timestamp":"2026-09-27T11:16:58.179909Z","level":"info","event":"Processed: 2 models | 17 tests","logger":"task.stdout"}
{"timestamp":"2026-09-27T11:16:58.180358Z","level":"info","event":"Summary: 19 total | 19 success","logger":"task.stdout"}
{"timestamp":"2026-09-27T11:16:58.261547Z","level":"info","event":"dbt build completed successfully.","logger":"task.stdout"}
{"timestamp":"2026-09-27T11:16:58.261640Z","level":"info","event":"Done. Returned value was: 0","map_index":-1,"task_id":"run_dbt","run_id":"manual__2026-09-27T11:15:28.629946+00:00","dag_id":"crypto_market_pipeline","ti_id":"01a0e293-c0be-74ff-9ac4-7aefd707b4a1","try_number":1,"logger":"airflow.task.operators.airflow.providers.standard.operators.python.PythonOperator","filename":"python.py","lineno":233}
{"timestamp":"2026-09-27T11:16:58.262097Z","level":"info","event":"::group::Post Execute","map_index":-1,"task_id":"run_dbt","run_id":"manual__2026-09-27T11:15:28.629946+00:00","dag_id":"crypto_market_pipeline","ti_id":"01a0e293-c0be-74ff-9ac4-7aefd707b4a1","try_number":1,"logger":"task","filename":"task_runner.py","lineno":1580}
{"timestamp":"2026-09-27T11:16:58.262679Z","level":"info","event":"Pushing xcom","ti":"RuntimeTaskInstance(id=UUID('01a0e293-c0be-74ff-9ac4-7aefd707b4a1'), task_id='run_dbt', dag_id='crypto_market_pipeline', run_id='manual__2026-09-27T11:15:28.629946+00:00', try_number=1, dag_version_id=UUID('01a0e00d-f89c-717e-93bc-487e2465d82b'), map_index=-1, hostname='tony-Inspiron-3582', context_carrier={'traceparent': '00-24a174fc0ec958b862f567d706619b12-46697a9c991385a9-00'}, queue='default', task=<Task(PythonOperator): run_dbt>, bundle_instance=LocalDagBundle(name=dags-folder), max_tries=0, start_date=datetime.datetime(2026, 9, 27, 11, 16, 0, 582404, tzinfo=datetime.timezone.utc), end_date=None, state=<TaskInstanceState.RUNNING: 'running'>, is_mapped=False, rendered_map_index=None, sentry_integration='')","map_index":-1,"task_id":"run_dbt","run_id":"manual__2026-09-27T11:15:28.629946+00:00","dag_id":"crypto_market_pipeline","ti_id":"01a0e293-c0be-74ff-9ac4-7aefd707b4a1","try_number":1,"logger":"task","filename":"task_runner.py","lineno":2280}
{"timestamp":"2026-09-27T11:16:58.482488Z","level":"info","event":"Task instance in success state","logger":"task.stdout"}
{"timestamp":"2026-09-27T11:16:58.483286Z","level":"info","event":" Previous state of the Task instance: TaskInstanceState.RUNNING","logger":"task.stdout"}
{"timestamp":"2026-09-27T11:16:58.483931Z","level":"info","event":"Task operator:<Task(PythonOperator): run_dbt>","logger":"task.stdout"}
{"timestamp":"2026-09-27T11:16:58.483004Z","level":"info","event":"::endgroup::","map_index":-1,"task_id":"run_dbt","run_id":"manual__2026-09-27T11:15:28.629946+00:00","dag_id":"crypto_market_pipeline","ti_id":"01a0e293-c0be-74ff-9ac4-7aefd707b4a1","try_number":1,"logger":"task","filename":"task_runner.py","lineno":2379}
