{"timestamp":"2026-09-27T10:55:13.763745Z","level":"info","event":"::group::Pre Execute","logger":"task","filename":"task_runner.py","lineno":2412}
{"timestamp":"2026-09-27T10:55:13.911289Z","level":"info","event":"DAG bundles loaded: dags-folder, example_dags, apache-airflow-providers-common-sql-example-dags, apache-airflow-providers-standard-example-dags","ti_id":"01a0e281-1361-7b16-9a5c-0d64ef81e9a7","dag_id":"crypto_market_pipeline","run_id":"__airflow_temporary_run_2026-09-27T10:55:04.943344+00:00__","task_id":"consume_from_kafka","try_number":1,"map_index":-1,"logger":"airflow.dag_processing.bundles.manager.DagBundlesManager","filename":"manager.py","lineno":304}
{"timestamp":"2026-09-27T10:55:13.914317Z","level":"info","event":"Filling up the DagBag from /home/tony/Desktop/CryptoData/airflow/dags/crypto_market_pipeline.py","ti_id":"01a0e281-1361-7b16-9a5c-0d64ef81e9a7","dag_id":"crypto_market_pipeline","run_id":"__airflow_temporary_run_2026-09-27T10:55:04.943344+00:00__","task_id":"consume_from_kafka","try_number":1,"map_index":-1,"logger":"airflow.dag_processing.dagbag.BundleDagBag","filename":"dagbag.py","lineno":460}
{"timestamp":"2026-09-27T10:55:14.074074Z","level":"info","event":"Worker startup parse complete","bundle_name":"dags-folder","bundle_version":null,"dag_file":"crypto_market_pipeline.py","dag_id":"crypto_market_pipeline","bundle_prepare_ms":7,"dag_file_parse_ms":160,"ti_id":"01a0e281-1361-7b16-9a5c-0d64ef81e9a7","run_id":"__airflow_temporary_run_2026-09-27T10:55:04.943344+00:00__","task_id":"consume_from_kafka","try_number":1,"map_index":-1,"logger":"task","filename":"task_runner.py","lineno":1073}
{"timestamp":"2026-09-27T10:55:14.273810Z","level":"info","event":"Task instance is in running state","logger":"task.stdout"}
{"timestamp":"2026-09-27T10:55:14.274810Z","level":"info","event":" Previous state of the Task instance: TaskInstanceState.QUEUED","logger":"task.stdout"}
{"timestamp":"2026-09-27T10:55:14.276201Z","level":"info","event":"Current task name:consume_from_kafka","logger":"task.stdout"}
{"timestamp":"2026-09-27T10:55:14.279360Z","level":"info","event":"Dag name:crypto_market_pipeline","logger":"task.stdout"}
{"timestamp":"2026-09-27T10:55:14.272101Z","level":"info","event":"::endgroup::","ti_id":"01a0e281-1361-7b16-9a5c-0d64ef81e9a7","dag_id":"crypto_market_pipeline","run_id":"__airflow_temporary_run_2026-09-27T10:55:04.943344+00:00__","task_id":"consume_from_kafka","try_number":1,"map_index":-1,"logger":"task","filename":"task_runner.py","lineno":2232}
{"timestamp":"2026-09-27T10:55:14.875377Z","level":"info","event":"Starting bounded Kafka consumer...","logger":"task.stdout"}
{"timestamp":"2026-09-27T10:55:14.911305Z","level":"info","event":"Received 3 Kafka target messages.","logger":"task.stdout"}
{"timestamp":"2026-09-27T10:55:14.912275Z","level":"info","event":"Kafka Airflow consumer starting...","logger":"task.stdout"}
{"timestamp":"2026-09-27T10:55:14.913642Z","level":"info","event":"Target messages: 3","logger":"task.stdout"}
{"timestamp":"2026-09-27T10:55:14.916351Z","level":"info","event":"Timeout: 30 seconds","logger":"task.stdout"}
{"timestamp":"2026-09-27T10:55:15.201954Z","level":"info","event":"","logger":"task.stdout"}
{"timestamp":"2026-09-27T10:55:15.203967Z","level":"info","event":"============================================================","logger":"task.stdout"}
{"timestamp":"2026-09-27T10:55:15.206979Z","level":"info","event":"KAFKA MESSAGE","logger":"task.stdout"}
{"timestamp":"2026-09-27T10:55:15.207733Z","level":"info","event":"============================================================","logger":"task.stdout"}
{"timestamp":"2026-09-27T10:55:15.208590Z","level":"info","event":"Partition: 1","logger":"task.stdout"}
{"timestamp":"2026-09-27T10:55:15.210000Z","level":"info","event":"Offset: 12","logger":"task.stdout"}
{"timestamp":"2026-09-27T10:55:15.210642Z","level":"info","event":"Key: solana","logger":"task.stdout"}
{"timestamp":"2026-09-27T10:55:15.209887Z","level":"info","event":"Processed crypto event: Solana (sol)","logger":"src.kafka.processor","ti_id":"01a0e281-1361-7b16-9a5c-0d64ef81e9a7","dag_id":"crypto_market_pipeline","run_id":"__airflow_temporary_run_2026-09-27T10:55:04.943344+00:00__","task_id":"consume_from_kafka","try_number":1,"map_index":-1,"filename":"processor.py","lineno":71}
{"timestamp":"2026-09-27T10:55:15.217142Z","level":"info","event":"Saved raw event to data lake: data/lake/raw/crypto_market/year=2026/month=09/day=27/solana_20260927T105515210405Z.json","logger":"task.stdout"}
{"timestamp":"2026-09-27T10:55:15.217937Z","level":"info","event":"","logger":"task.stdout"}
{"timestamp":"2026-09-27T10:55:15.218466Z","level":"info","event":"PROCESSED EVENT","logger":"task.stdout"}
{"timestamp":"2026-09-27T10:55:15.219190Z","level":"info","event":"{","logger":"task.stdout"}
{"timestamp":"2026-09-27T10:55:15.219731Z","level":"info","event":"  \"id\": \"solana\",","logger":"task.stdout"}
{"timestamp":"2026-09-27T10:55:15.220495Z","level":"info","event":"  \"symbol\": \"sol\",","logger":"task.stdout"}
{"timestamp":"2026-09-27T10:55:15.221129Z","level":"info","event":"  \"name\": \"Solana\",","logger":"task.stdout"}
{"timestamp":"2026-09-27T10:55:15.221621Z","level":"info","event":"  \"current_price\": 123.94,","logger":"task.stdout"}
{"timestamp":"2026-09-27T10:55:15.222123Z","level":"info","event":"  \"market_cap\": 72852477324,","logger":"task.stdout"}
{"timestamp":"2026-09-27T10:55:15.222615Z","level":"info","event":"  \"total_volume\": 3541236267,","logger":"task.stdout"}
{"timestamp":"2026-09-27T10:55:15.223117Z","level":"info","event":"  \"market_cap_rank\": 7,","logger":"task.stdout"}
{"timestamp":"2026-09-27T10:55:15.223605Z","level":"info","event":"  \"last_updated\": \"2026-09-27T10:52:30.000Z\"","logger":"task.stdout"}
{"timestamp":"2026-09-27T10:55:15.224116Z","level":"info","event":"}","logger":"task.stdout"}
{"timestamp":"2026-09-27T10:55:15.224606Z","level":"info","event":"","logger":"task.stdout"}
{"timestamp":"2026-09-27T10:55:15.225115Z","level":"info","event":"============================================================","logger":"task.stdout"}
{"timestamp":"2026-09-27T10:55:15.225611Z","level":"info","event":"KAFKA MESSAGE","logger":"task.stdout"}
{"timestamp":"2026-09-27T10:55:15.226110Z","level":"info","event":"============================================================","logger":"task.stdout"}
{"timestamp":"2026-09-27T10:55:15.227505Z","level":"info","event":"Partition: 2","logger":"task.stdout"}
{"timestamp":"2026-09-27T10:55:15.228077Z","level":"info","event":"Offset: 11","logger":"task.stdout"}
{"timestamp":"2026-09-27T10:55:15.230001Z","level":"info","event":"Key: ethereum","logger":"task.stdout"}
{"timestamp":"2026-09-27T10:55:15.217648Z","level":"info","event":"Processed crypto event: Ethereum (eth)","logger":"src.kafka.processor","ti_id":"01a0e281-1361-7b16-9a5c-0d64ef81e9a7","dag_id":"crypto_market_pipeline","run_id":"__airflow_temporary_run_2026-09-27T10:55:04.943344+00:00__","task_id":"consume_from_kafka","try_number":1,"map_index":-1,"filename":"processor.py","lineno":71}
{"timestamp":"2026-09-27T10:55:15.222894Z","level":"info","event":"Processed crypto event: Bitcoin (btc)","logger":"src.kafka.processor","ti_id":"01a0e281-1361-7b16-9a5c-0d64ef81e9a7","dag_id":"crypto_market_pipeline","run_id":"__airflow_temporary_run_2026-09-27T10:55:04.943344+00:00__","task_id":"consume_from_kafka","try_number":1,"map_index":-1,"filename":"processor.py","lineno":71}
{"timestamp":"2026-09-27T10:55:15.235228Z","level":"info","event":"Saved raw event to data lake: data/lake/raw/crypto_market/year=2026/month=09/day=27/ethereum_20260927T105515219099Z.json","logger":"task.stdout"}
{"timestamp":"2026-09-27T10:55:15.237966Z","level":"info","event":"","logger":"task.stdout"}
{"timestamp":"2026-09-27T10:55:15.238606Z","level":"info","event":"PROCESSED EVENT","logger":"task.stdout"}
{"timestamp":"2026-09-27T10:55:15.239077Z","level":"info","event":"{","logger":"task.stdout"}
{"timestamp":"2026-09-27T10:55:15.239535Z","level":"info","event":"  \"id\": \"ethereum\",","logger":"task.stdout"}
{"timestamp":"2026-09-27T10:55:15.241087Z","level":"info","event":"  \"symbol\": \"eth\",","logger":"task.stdout"}
{"timestamp":"2026-09-27T10:55:15.242633Z","level":"info","event":"  \"name\": \"Ethereum\",","logger":"task.stdout"}
{"timestamp":"2026-09-27T10:55:15.243282Z","level":"info","event":"  \"current_price\": 2708.74,","logger":"task.stdout"}
{"timestamp":"2026-09-27T10:55:15.243786Z","level":"info","event":"  \"market_cap\": 330712382164,","logger":"task.stdout"}
{"timestamp":"2026-09-27T10:55:15.244351Z","level":"info","event":"  \"total_volume\": 7221285862,","logger":"task.stdout"}
{"timestamp":"2026-09-27T10:55:15.244939Z","level":"info","event":"  \"market_cap_rank\": 2,","logger":"task.stdout"}
{"timestamp":"2026-09-27T10:55:15.245451Z","level":"info","event":"  \"last_updated\": \"2026-09-27T10:52:30.000Z\"","logger":"task.stdout"}
{"timestamp":"2026-09-27T10:55:15.245982Z","level":"info","event":"}","logger":"task.stdout"}
{"timestamp":"2026-09-27T10:55:15.246482Z","level":"info","event":"","logger":"task.stdout"}
{"timestamp":"2026-09-27T10:55:15.246990Z","level":"info","event":"============================================================","logger":"task.stdout"}
{"timestamp":"2026-09-27T10:55:15.247474Z","level":"info","event":"KAFKA MESSAGE","logger":"task.stdout"}
{"timestamp":"2026-09-27T10:55:15.248068Z","level":"info","event":"============================================================","logger":"task.stdout"}
{"timestamp":"2026-09-27T10:55:15.248562Z","level":"info","event":"Partition: 0","logger":"task.stdout"}
{"timestamp":"2026-09-27T10:55:15.249071Z","level":"info","event":"Offset: 11","logger":"task.stdout"}
{"timestamp":"2026-09-27T10:55:15.249565Z","level":"info","event":"Key: bitcoin","logger":"task.stdout"}
{"timestamp":"2026-09-27T10:55:15.250106Z","level":"info","event":"Saved raw event to data lake: data/lake/raw/crypto_market/year=2026/month=09/day=27/bitcoin_20260927T105515223182Z.json","logger":"task.stdout"}
{"timestamp":"2026-09-27T10:55:15.250598Z","level":"info","event":"","logger":"task.stdout"}
{"timestamp":"2026-09-27T10:55:15.251103Z","level":"info","event":"PROCESSED EVENT","logger":"task.stdout"}
{"timestamp":"2026-09-27T10:55:15.251583Z","level":"info","event":"{","logger":"task.stdout"}
{"timestamp":"2026-09-27T10:55:15.252087Z","level":"info","event":"  \"id\": \"bitcoin\",","logger":"task.stdout"}
{"timestamp":"2026-09-27T10:55:15.252569Z","level":"info","event":"  \"symbol\": \"btc\",","logger":"task.stdout"}
{"timestamp":"2026-09-27T10:55:15.253102Z","level":"info","event":"  \"name\": \"Bitcoin\",","logger":"task.stdout"}
{"timestamp":"2026-09-27T10:55:15.253580Z","level":"info","event":"  \"current_price\": 84799,","logger":"task.stdout"}
{"timestamp":"2026-09-27T10:55:15.254086Z","level":"info","event":"  \"market_cap\": 1703792962500,","logger":"task.stdout"}
{"timestamp":"2026-09-27T10:55:15.254586Z","level":"info","event":"  \"total_volume\": 20533858033,","logger":"task.stdout"}
{"timestamp":"2026-09-27T10:55:15.255078Z","level":"info","event":"  \"market_cap_rank\": 1,","logger":"task.stdout"}
{"timestamp":"2026-09-27T10:55:15.255560Z","level":"info","event":"  \"last_updated\": \"2026-09-27T10:52:30.000Z\"","logger":"task.stdout"}
{"timestamp":"2026-09-27T10:55:15.256100Z","level":"info","event":"}","logger":"task.stdout"}
{"timestamp":"2026-09-27T10:55:15.256585Z","level":"info","event":"","logger":"task.stdout"}
{"timestamp":"2026-09-27T10:55:15.257115Z","level":"info","event":"Kafka Airflow consumer finished.","logger":"task.stdout"}
{"timestamp":"2026-09-27T10:55:15.257619Z","level":"info","event":"Processed 3 target messages.","logger":"task.stdout"}
{"timestamp":"2026-09-27T10:55:15.258120Z","level":"info","event":"Kafka Airflow consumer closed.","logger":"task.stdout"}
{"timestamp":"2026-09-27T10:55:15.258633Z","level":"info","event":"DLQ producer closed.","logger":"task.stdout"}
{"timestamp":"2026-09-27T10:55:15.259179Z","level":"info","event":"Kafka consumer processed 3 target messages.","logger":"task.stdout"}
{"timestamp":"2026-09-27T10:55:15.233419Z","level":"info","event":"Done. Returned value was: 3","ti_id":"01a0e281-1361-7b16-9a5c-0d64ef81e9a7","dag_id":"crypto_market_pipeline","run_id":"__airflow_temporary_run_2026-09-27T10:55:04.943344+00:00__","task_id":"consume_from_kafka","try_number":1,"map_index":-1,"logger":"airflow.task.operators.airflow.providers.standard.operators.python.PythonOperator","filename":"python.py","lineno":233}
{"timestamp":"2026-09-27T10:55:15.233796Z","level":"info","event":"::group::Post Execute","ti_id":"01a0e281-1361-7b16-9a5c-0d64ef81e9a7","dag_id":"crypto_market_pipeline","run_id":"__airflow_temporary_run_2026-09-27T10:55:04.943344+00:00__","task_id":"consume_from_kafka","try_number":1,"map_index":-1,"logger":"task","filename":"task_runner.py","lineno":1580}
{"timestamp":"2026-09-27T10:55:15.234402Z","level":"info","event":"Pushing xcom","ti":"RuntimeTaskInstance(id=UUID('01a0e281-1361-7b16-9a5c-0d64ef81e9a7'), task_id='consume_from_kafka', dag_id='crypto_market_pipeline', run_id='__airflow_temporary_run_2026-09-27T10:55:04.943344+00:00__', try_number=1, dag_version_id=UUID('01a0e00d-f89c-717e-93bc-487e2465d82b'), map_index=-1, hostname='tony-Inspiron-3582', context_carrier={'traceparent': '00-29d1d46c8416948818feff7aa172c18f-d2840eb577cdc8c3-00'}, queue='default', task=<Task(PythonOperator): consume_from_kafka>, bundle_instance=LocalDagBundle(name=dags-folder), max_tries=0, start_date=datetime.datetime(2026, 9, 27, 10, 55, 13, 865454, tzinfo=datetime.timezone.utc), end_date=None, state=<TaskInstanceState.RUNNING: 'running'>, is_mapped=False, rendered_map_index=None, sentry_integration='')","ti_id":"01a0e281-1361-7b16-9a5c-0d64ef81e9a7","dag_id":"crypto_market_pipeline","run_id":"__airflow_temporary_run_2026-09-27T10:55:04.943344+00:00__","task_id":"consume_from_kafka","try_number":1,"map_index":-1,"logger":"task","filename":"task_runner.py","lineno":2280}
{"timestamp":"2026-09-27T10:55:15.472664Z","level":"info","event":"Task instance in success state","logger":"task.stdout"}
{"timestamp":"2026-09-27T10:55:15.478442Z","level":"info","event":" Previous state of the Task instance: TaskInstanceState.RUNNING","logger":"task.stdout"}
{"timestamp":"2026-09-27T10:55:15.481154Z","level":"info","event":"Task operator:<Task(PythonOperator): consume_from_kafka>","logger":"task.stdout"}
{"timestamp":"2026-09-27T10:55:15.471262Z","level":"info","event":"::endgroup::","ti_id":"01a0e281-1361-7b16-9a5c-0d64ef81e9a7","dag_id":"crypto_market_pipeline","run_id":"__airflow_temporary_run_2026-09-27T10:55:04.943344+00:00__","task_id":"consume_from_kafka","try_number":1,"map_index":-1,"logger":"task","filename":"task_runner.py","lineno":2379}
